Fitter Status : Successful - Sat Jan 27 22:57:49 2024
Quartus II 64-Bit Version : 13.0.1 Build 232 06/12/2013 SP 1 SJ Full Version
Revision Name : system
Top-level Entity Name : system
Family : Cyclone IV E
Device : EP4CE115F29C8
Timing Models : Final
Total logic elements : 3,192 / 114,480 ( 3 % )
    Total combinational functions : 2,894 / 114,480 ( 3 % )
    Dedicated logic registers : 1,279 / 114,480 ( 1 % )
Total registers : 1279
Total pins : 102 / 529 ( 19 % )
Total virtual pins : 0
Total memory bits : 524,288 / 3,981,312 ( 13 % )
Embedded Multiplier 9-bit elements : 0 / 532 ( 0 % )
Total PLLs : 0 / 4 ( 0 % )
Analysis & Synthesis Status : Successful - Sat Jan 27 22:55:28 2024
Quartus II 64-Bit Version : 13.0.1 Build 232 06/12/2013 SP 1 SJ Full Version
Revision Name : system
Top-level Entity Name : system
Family : Cyclone IV E
Total logic elements : 3,881
    Total combinational functions : 2,894
    Dedicated logic registers : 1,279
Total registers : 1279
Total pins : 102
Total virtual pins : 0
Total memory bits : 524,288
Embedded Multiplier 9-bit elements : 0
Total PLLs : 0
------------------------------------------------------------
TimeQuest Timing Analyzer Summary
------------------------------------------------------------

Type  : Slow 1200mV 85C Model Setup 'CPUCLK'
Slack : -18.999
TNS   : -17387.168

Type  : Slow 1200mV 85C Model Setup 'CLK'
Slack : -10.498
TNS   : -1327.370

Type  : Slow 1200mV 85C Model Setup 'altera_reserved_tck'
Slack : 44.198
TNS   : 0.000

Type  : Slow 1200mV 85C Model Hold 'CPUCLK'
Slack : -0.757
TNS   : -1.756

Type  : Slow 1200mV 85C Model Hold 'CLK'
Slack : 0.442
TNS   : 0.000

Type  : Slow 1200mV 85C Model Hold 'altera_reserved_tck'
Slack : 0.444
TNS   : 0.000

Type  : Slow 1200mV 85C Model Recovery 'altera_reserved_tck'
Slack : 47.634
TNS   : 0.000

Type  : Slow 1200mV 85C Model Removal 'altera_reserved_tck'
Slack : 1.374
TNS   : 0.000

Type  : Slow 1200mV 85C Model Minimum Pulse Width 'CLK'
Slack : 4.698
TNS   : 0.000

Type  : Slow 1200mV 85C Model Minimum Pulse Width 'CPUCLK'
Slack : 9.682
TNS   : 0.000

Type  : Slow 1200mV 85C Model Minimum Pulse Width 'altera_reserved_tck'
Slack : 49.490
TNS   : 0.000

Type  : Slow 1200mV 0C Model Setup 'CPUCLK'
Slack : -17.532
TNS   : -15902.086

Type  : Slow 1200mV 0C Model Setup 'CLK'
Slack : -9.385
TNS   : -1116.645

Type  : Slow 1200mV 0C Model Setup 'altera_reserved_tck'
Slack : 44.617
TNS   : 0.000

Type  : Slow 1200mV 0C Model Hold 'CPUCLK'
Slack : -0.702
TNS   : -1.714

Type  : Slow 1200mV 0C Model Hold 'CLK'
Slack : 0.391
TNS   : 0.000

Type  : Slow 1200mV 0C Model Hold 'altera_reserved_tck'
Slack : 0.393
TNS   : 0.000

Type  : Slow 1200mV 0C Model Recovery 'altera_reserved_tck'
Slack : 47.934
TNS   : 0.000

Type  : Slow 1200mV 0C Model Removal 'altera_reserved_tck'
Slack : 1.259
TNS   : 0.000

Type  : Slow 1200mV 0C Model Minimum Pulse Width 'CLK'
Slack : 4.688
TNS   : 0.000

Type  : Slow 1200mV 0C Model Minimum Pulse Width 'CPUCLK'
Slack : 9.647
TNS   : 0.000

Type  : Slow 1200mV 0C Model Minimum Pulse Width 'altera_reserved_tck'
Slack : 49.342
TNS   : 0.000

Type  : Fast 1200mV 0C Model Setup 'CPUCLK'
Slack : -2.600
TNS   : -1465.487

Type  : Fast 1200mV 0C Model Setup 'CLK'
Slack : 0.892
TNS   : 0.000

Type  : Fast 1200mV 0C Model Setup 'altera_reserved_tck'
Slack : 47.611
TNS   : 0.000

Type  : Fast 1200mV 0C Model Hold 'CPUCLK'
Slack : -0.494
TNS   : -1.956

Type  : Fast 1200mV 0C Model Hold 'CLK'
Slack : 0.181
TNS   : 0.000

Type  : Fast 1200mV 0C Model Hold 'altera_reserved_tck'
Slack : 0.181
TNS   : 0.000

Type  : Fast 1200mV 0C Model Recovery 'altera_reserved_tck'
Slack : 49.097
TNS   : 0.000

Type  : Fast 1200mV 0C Model Removal 'altera_reserved_tck'
Slack : 0.575
TNS   : 0.000

Type  : Fast 1200mV 0C Model Minimum Pulse Width 'CLK'
Slack : 4.372
TNS   : 0.000

Type  : Fast 1200mV 0C Model Minimum Pulse Width 'CPUCLK'
Slack : 9.773
TNS   : 0.000

Type  : Fast 1200mV 0C Model Minimum Pulse Width 'altera_reserved_tck'
Slack : 49.456
TNS   : 0.000

------------------------------------------------------------
