Fitter Status : Successful - Tue Apr  2 12:44:52 2024
Quartus Prime Version : 21.1.1 Build 850 06/23/2022 SJ Standard Edition
Revision Name : system
Top-level Entity Name : system
Family : Cyclone IV E
Device : EP4CE115F29C8
Timing Models : Final
Total logic elements : 16,805 / 114,480 ( 15 % )
    Total combinational functions : 14,991 / 114,480 ( 13 % )
    Dedicated logic registers : 8,311 / 114,480 ( 7 % )
Total registers : 8311
Total pins : 102 / 529 ( 19 % )
Total virtual pins : 0
Total memory bits : 524,288 / 3,981,312 ( 13 % )
Embedded Multiplier 9-bit elements : 0 / 532 ( 0 % )
Total PLLs : 0 / 4 ( 0 % )
Analysis & Synthesis Status : Successful - Tue Apr  2 12:42:11 2024
Quartus Prime Version : 21.1.1 Build 850 06/23/2022 SJ Standard Edition
Revision Name : system
Top-level Entity Name : system
Family : Cyclone IV E
Total logic elements : 21,717
    Total combinational functions : 14,959
    Dedicated logic registers : 8,311
Total registers : 8311
Total pins : 102
Total virtual pins : 0
Total memory bits : 524,288
Embedded Multiplier 9-bit elements : 0
Total PLLs : 0
------------------------------------------------------------
Timing Analyzer Summary
------------------------------------------------------------

Type  : Slow 1200mV 85C Model Setup 'CLK'
Slack : -3.323
TNS   : -304.841

Type  : Slow 1200mV 85C Model Setup 'CPUCLK'
Slack : 1.402
TNS   : 0.000

Type  : Slow 1200mV 85C Model Setup 'altera_reserved_tck'
Slack : 42.444
TNS   : 0.000

Type  : Slow 1200mV 85C Model Hold 'CLK'
Slack : 0.441
TNS   : 0.000

Type  : Slow 1200mV 85C Model Hold 'CPUCLK'
Slack : 0.441
TNS   : 0.000

Type  : Slow 1200mV 85C Model Hold 'altera_reserved_tck'
Slack : 0.442
TNS   : 0.000

Type  : Slow 1200mV 85C Model Recovery 'altera_reserved_tck'
Slack : 96.024
TNS   : 0.000

Type  : Slow 1200mV 85C Model Removal 'altera_reserved_tck'
Slack : 1.617
TNS   : 0.000

Type  : Slow 1200mV 85C Model Minimum Pulse Width 'CLK'
Slack : 4.697
TNS   : 0.000

Type  : Slow 1200mV 85C Model Minimum Pulse Width 'CPUCLK'
Slack : 9.709
TNS   : 0.000

Type  : Slow 1200mV 85C Model Minimum Pulse Width 'altera_reserved_tck'
Slack : 49.499
TNS   : 0.000

Type  : Slow 1200mV 0C Model Setup 'CLK'
Slack : -2.498
TNS   : -176.326

Type  : Slow 1200mV 0C Model Setup 'CPUCLK'
Slack : 1.677
TNS   : 0.000

Type  : Slow 1200mV 0C Model Setup 'altera_reserved_tck'
Slack : 42.912
TNS   : 0.000

Type  : Slow 1200mV 0C Model Hold 'CLK'
Slack : 0.390
TNS   : 0.000

Type  : Slow 1200mV 0C Model Hold 'CPUCLK'
Slack : 0.391
TNS   : 0.000

Type  : Slow 1200mV 0C Model Hold 'altera_reserved_tck'
Slack : 0.393
TNS   : 0.000

Type  : Slow 1200mV 0C Model Recovery 'altera_reserved_tck'
Slack : 96.227
TNS   : 0.000

Type  : Slow 1200mV 0C Model Removal 'altera_reserved_tck'
Slack : 1.450
TNS   : 0.000

Type  : Slow 1200mV 0C Model Minimum Pulse Width 'CLK'
Slack : 4.681
TNS   : 0.000

Type  : Slow 1200mV 0C Model Minimum Pulse Width 'CPUCLK'
Slack : 9.669
TNS   : 0.000

Type  : Slow 1200mV 0C Model Minimum Pulse Width 'altera_reserved_tck'
Slack : 49.356
TNS   : 0.000

Type  : Fast 1200mV 0C Model Setup 'CLK'
Slack : 4.032
TNS   : 0.000

Type  : Fast 1200mV 0C Model Setup 'CPUCLK'
Slack : 6.304
TNS   : 0.000

Type  : Fast 1200mV 0C Model Setup 'altera_reserved_tck'
Slack : 46.843
TNS   : 0.000

Type  : Fast 1200mV 0C Model Hold 'CLK'
Slack : 0.180
TNS   : 0.000

Type  : Fast 1200mV 0C Model Hold 'CPUCLK'
Slack : 0.180
TNS   : 0.000

Type  : Fast 1200mV 0C Model Hold 'altera_reserved_tck'
Slack : 0.180
TNS   : 0.000

Type  : Fast 1200mV 0C Model Recovery 'altera_reserved_tck'
Slack : 98.251
TNS   : 0.000

Type  : Fast 1200mV 0C Model Removal 'altera_reserved_tck'
Slack : 0.670
TNS   : 0.000

Type  : Fast 1200mV 0C Model Minimum Pulse Width 'CLK'
Slack : 4.372
TNS   : 0.000

Type  : Fast 1200mV 0C Model Minimum Pulse Width 'CPUCLK'
Slack : 9.728
TNS   : 0.000

Type  : Fast 1200mV 0C Model Minimum Pulse Width 'altera_reserved_tck'
Slack : 49.455
TNS   : 0.000

------------------------------------------------------------
